CPP   src/allocf.c -> build/host/src/allocf.pi
CPP   src/array.c -> build/host/src/array.pi
CPP   src/backtrace.c -> build/host/src/backtrace.pi
CPP   src/cdump.c -> build/host/src/cdump.pi
CPP   src/class.c -> build/host/src/class.pi
CPP   src/codedump.c -> build/host/src/codedump.pi
CPP   src/debug.c -> build/host/src/debug.pi
CPP   src/dump.c -> build/host/src/dump.pi
CPP   src/enum.c -> build/host/src/enum.pi
CPP   src/error.c -> build/host/src/error.pi
CPP   src/etc.c -> build/host/src/etc.pi
CPP   src/fmt_fp.c -> build/host/src/fmt_fp.pi
CPP   src/gc.c -> build/host/src/gc.pi
CPP   src/hash.c -> build/host/src/hash.pi
CPP   src/init.c -> build/host/src/init.pi
CPP   src/kernel.c -> build/host/src/kernel.pi
CPP   src/load.c -> build/host/src/load.pi
CPP   src/mempool.c -> build/host/src/mempool.pi
CPP   src/numeric.c -> build/host/src/numeric.pi
CPP   src/numops.c -> build/host/src/numops.pi
CPP   src/object.c -> build/host/src/object.pi
CPP   src/print.c -> build/host/src/print.pi
CPP   src/proc.c -> build/host/src/proc.pi
CPP   src/range.c -> build/host/src/range.pi
CPP   src/readfloat.c -> build/host/src/readfloat.pi
CPP   src/readint.c -> build/host/src/readint.pi
CPP   src/readnum.c -> build/host/src/readnum.pi
CPP   src/state.c -> build/host/src/state.pi
CPP   src/string.c -> build/host/src/string.pi
CPP   src/symbol.c -> build/host/src/symbol.pi
CPP   src/variable.c -> build/host/src/variable.pi
CPP   src/version.c -> build/host/src/version.pi
CPP   src/vm.c -> build/host/src/vm.pi
CPP   mrbgems/mruby-bigint/core/bigint.c -> build/host/mrbgems/mruby-bigint/core/bigint.pi
CPP   mrbgems/mruby-compiler/core/codegen.c -> build/host/mrbgems/mruby-compiler/core/codegen.pi
CPP   mrbgems/mruby-compiler/core/y.tab.c -> build/host/mrbgems/mruby-compiler/core/y.tab.pi
CC    mrbgems/mruby-bin-mrbc/tools/mrbc/mrbc.c -> build/host/mrbc/mrbgems/mruby-bin-mrbc/tools/mrbc/mrbc.o
CC    mrbgems/mruby-bin-mrbc/tools/mrbc/stub.c -> build/host/mrbc/mrbgems/mruby-bin-mrbc/tools/mrbc/stub.o
CC    src/allocf.c -> build/host/mrbc/src/allocf.o
CC    src/array.c -> build/host/mrbc/src/array.o
CC    src/backtrace.c -> build/host/mrbc/src/backtrace.o
CC    src/cdump.c -> build/host/mrbc/src/cdump.o
CC    src/class.c -> build/host/mrbc/src/class.o
CC    src/codedump.c -> build/host/mrbc/src/codedump.o
CC    src/debug.c -> build/host/mrbc/src/debug.o
CC    src/dump.c -> build/host/mrbc/src/dump.o
CC    src/enum.c -> build/host/mrbc/src/enum.o
CC    src/error.c -> build/host/mrbc/src/error.o
CC    src/etc.c -> build/host/mrbc/src/etc.o
CC    src/fmt_fp.c -> build/host/mrbc/src/fmt_fp.o
CC    src/gc.c -> build/host/mrbc/src/gc.o
CC    src/hash.c -> build/host/mrbc/src/hash.o
CC    src/init.c -> build/host/mrbc/src/init.o
CC    src/kernel.c -> build/host/mrbc/src/kernel.o
CC    src/load.c -> build/host/mrbc/src/load.o
CC    src/mempool.c -> build/host/mrbc/src/mempool.o
CC    src/numeric.c -> build/host/mrbc/src/numeric.o
CC    src/numops.c -> build/host/mrbc/src/numops.o
CC    src/object.c -> build/host/mrbc/src/object.o
CC    src/print.c -> build/host/mrbc/src/print.o
CC    src/proc.c -> build/host/mrbc/src/proc.o
CC    src/range.c -> build/host/mrbc/src/range.o
CC    src/readfloat.c -> build/host/mrbc/src/readfloat.o
CC    src/readint.c -> build/host/mrbc/src/readint.o
CC    src/readnum.c -> build/host/mrbc/src/readnum.o
CC    src/state.c -> build/host/mrbc/src/state.o
CC    src/string.c -> build/host/mrbc/src/string.o
CC    src/symbol.c -> build/host/mrbc/src/symbol.o
CC    src/variable.c -> build/host/mrbc/src/variable.o
CC    src/version.c -> build/host/mrbc/src/version.o
CC    src/vm.c -> build/host/mrbc/src/vm.o
CC    mrbgems/mruby-compiler/core/codegen.c -> build/host/mrbc/mrbgems/mruby-compiler/core/codegen.o
CC    mrbgems/mruby-compiler/core/y.tab.c -> build/host/mrbc/mrbgems/mruby-compiler/core/y.tab.o
AR    build/host/mrbc/lib/libmruby_core.a 
ar: creating /home/ubuntu/mruby/build/host/mrbc/lib/libmruby_core.a
LD    build/host/mrbc/bin/mrbc 
GEN   mrblib/*.rb -> build/host/mrblib/mrblib.c
      MRBC mrblib/00class.rb 
           mrblib/00kernel.rb 
           mrblib/10error.rb 
           mrblib/array.rb 
           mrblib/compar.rb 
           mrblib/enum.rb 
           mrblib/hash.rb 
           mrblib/kernel.rb 
           mrblib/numeric.rb 
           mrblib/range.rb 
           mrblib/string.rb 
           mrblib/symbol.rb 
CPP   build/host/mrblib/mrblib.c -> build/host/mrblib/mrblib.pi
GEN   build/host/mrbgems/mruby-compar-ext/gem_init.c 
      MRBC mrbgems/mruby-compar-ext/mrblib/compar.rb 
CPP   build/host/mrbgems/mruby-compar-ext/gem_init.c -> build/host/mrbgems/mruby-compar-ext/gem_init.pi
GEN   build/host/mrbgems/mruby-enum-ext/gem_init.c 
      MRBC mrbgems/mruby-enum-ext/mrblib/enum.rb 
CPP   build/host/mrbgems/mruby-enum-ext/gem_init.c -> build/host/mrbgems/mruby-enum-ext/gem_init.pi
CPP   mrbgems/mruby-string-ext/src/string.c -> build/host/mrbgems/mruby-string-ext/src/string.pi
GEN   build/host/mrbgems/mruby-string-ext/gem_init.c 
      MRBC mrbgems/mruby-string-ext/mrblib/string.rb 
CPP   build/host/mrbgems/mruby-string-ext/gem_init.c -> build/host/mrbgems/mruby-string-ext/gem_init.pi
CPP   mrbgems/mruby-numeric-ext/src/numeric_ext.c -> build/host/mrbgems/mruby-numeric-ext/src/numeric_ext.pi
GEN   build/host/mrbgems/mruby-numeric-ext/gem_init.c 
      MRBC mrbgems/mruby-numeric-ext/mrblib/numeric_ext.rb 
CPP   build/host/mrbgems/mruby-numeric-ext/gem_init.c -> build/host/mrbgems/mruby-numeric-ext/gem_init.pi
CPP   mrbgems/mruby-array-ext/src/array.c -> build/host/mrbgems/mruby-array-ext/src/array.pi
GEN   build/host/mrbgems/mruby-array-ext/gem_init.c 
      MRBC mrbgems/mruby-array-ext/mrblib/array.rb 
CPP   build/host/mrbgems/mruby-array-ext/gem_init.c -> build/host/mrbgems/mruby-array-ext/gem_init.pi
CPP   mrbgems/mruby-hash-ext/src/hash-ext.c -> build/host/mrbgems/mruby-hash-ext/src/hash-ext.pi
GEN   build/host/mrbgems/mruby-hash-ext/gem_init.c 
      MRBC mrbgems/mruby-hash-ext/mrblib/hash.rb 
CPP   build/host/mrbgems/mruby-hash-ext/gem_init.c -> build/host/mrbgems/mruby-hash-ext/gem_init.pi
CPP   mrbgems/mruby-range-ext/src/range.c -> build/host/mrbgems/mruby-range-ext/src/range.pi
GEN   build/host/mrbgems/mruby-range-ext/gem_init.c 
      MRBC mrbgems/mruby-range-ext/mrblib/range.rb 
CPP   build/host/mrbgems/mruby-range-ext/gem_init.c -> build/host/mrbgems/mruby-range-ext/gem_init.pi
CPP   mrbgems/mruby-proc-ext/src/proc.c -> build/host/mrbgems/mruby-proc-ext/src/proc.pi
GEN   build/host/mrbgems/mruby-proc-ext/gem_init.c 
      MRBC mrbgems/mruby-proc-ext/mrblib/proc.rb 
CPP   build/host/mrbgems/mruby-proc-ext/gem_init.c -> build/host/mrbgems/mruby-proc-ext/gem_init.pi
CPP   mrbgems/mruby-symbol-ext/src/symbol.c -> build/host/mrbgems/mruby-symbol-ext/src/symbol.pi
GEN   build/host/mrbgems/mruby-symbol-ext/gem_init.c 
      MRBC mrbgems/mruby-symbol-ext/mrblib/symbol.rb 
CPP   build/host/mrbgems/mruby-symbol-ext/gem_init.c -> build/host/mrbgems/mruby-symbol-ext/gem_init.pi
CPP   mrbgems/mruby-object-ext/src/object.c -> build/host/mrbgems/mruby-object-ext/src/object.pi
GEN   build/host/mrbgems/mruby-object-ext/gem_init.c 
      MRBC mrbgems/mruby-object-ext/mrblib/object.rb 
CPP   build/host/mrbgems/mruby-object-ext/gem_init.c -> build/host/mrbgems/mruby-object-ext/gem_init.pi
CPP   mrbgems/mruby-objectspace/src/mruby_objectspace.c -> build/host/mrbgems/mruby-objectspace/src/mruby_objectspace.pi
GEN   build/host/mrbgems/mruby-objectspace/gem_init.c 
CPP   build/host/mrbgems/mruby-objectspace/gem_init.c -> build/host/mrbgems/mruby-objectspace/gem_init.pi
GEN   build/host/mrbgems/mruby-set/gem_init.c 
      MRBC mrbgems/mruby-set/mrblib/set.rb 
CPP   build/host/mrbgems/mruby-set/gem_init.c -> build/host/mrbgems/mruby-set/gem_init.pi
CPP   mrbgems/mruby-fiber/src/fiber.c -> build/host/mrbgems/mruby-fiber/src/fiber.pi
GEN   build/host/mrbgems/mruby-fiber/gem_init.c 
CPP   build/host/mrbgems/mruby-fiber/gem_init.c -> build/host/mrbgems/mruby-fiber/gem_init.pi
GEN   build/host/mrbgems/mruby-enumerator/gem_init.c 
      MRBC mrbgems/mruby-enumerator/mrblib/enumerator.rb 
CPP   build/host/mrbgems/mruby-enumerator/gem_init.c -> build/host/mrbgems/mruby-enumerator/gem_init.pi
GEN   build/host/mrbgems/mruby-enum-lazy/gem_init.c 
      MRBC mrbgems/mruby-enum-lazy/mrblib/lazy.rb 
CPP   build/host/mrbgems/mruby-enum-lazy/gem_init.c -> build/host/mrbgems/mruby-enum-lazy/gem_init.pi
GEN   build/host/mrbgems/mruby-toplevel-ext/gem_init.c 
      MRBC mrbgems/mruby-toplevel-ext/mrblib/toplevel.rb 
CPP   build/host/mrbgems/mruby-toplevel-ext/gem_init.c -> build/host/mrbgems/mruby-toplevel-ext/gem_init.pi
CPP   mrbgems/mruby-kernel-ext/src/kernel.c -> build/host/mrbgems/mruby-kernel-ext/src/kernel.pi
GEN   build/host/mrbgems/mruby-kernel-ext/gem_init.c 
CPP   build/host/mrbgems/mruby-kernel-ext/gem_init.c -> build/host/mrbgems/mruby-kernel-ext/gem_init.pi
CPP   mrbgems/mruby-class-ext/src/class.c -> build/host/mrbgems/mruby-class-ext/src/class.pi
GEN   build/host/mrbgems/mruby-class-ext/gem_init.c 
      MRBC mrbgems/mruby-class-ext/mrblib/module.rb 
CPP   build/host/mrbgems/mruby-class-ext/gem_init.c -> build/host/mrbgems/mruby-class-ext/gem_init.pi
CPP   mrbgems/mruby-pack/src/pack.c -> build/host/mrbgems/mruby-pack/src/pack.pi
GEN   build/host/mrbgems/mruby-pack/gem_init.c 
CPP   build/host/mrbgems/mruby-pack/gem_init.c -> build/host/mrbgems/mruby-pack/gem_init.pi
CPP   mrbgems/mruby-sprintf/src/sprintf.c -> build/host/mrbgems/mruby-sprintf/src/sprintf.pi
GEN   build/host/mrbgems/mruby-sprintf/gem_init.c 
      MRBC mrbgems/mruby-sprintf/mrblib/string.rb 
CPP   build/host/mrbgems/mruby-sprintf/gem_init.c -> build/host/mrbgems/mruby-sprintf/gem_init.pi
CPP   mrbgems/mruby-time/src/time.c -> build/host/mrbgems/mruby-time/src/time.pi
GEN   build/host/mrbgems/mruby-time/gem_init.c 
CPP   build/host/mrbgems/mruby-time/gem_init.c -> build/host/mrbgems/mruby-time/gem_init.pi
CPP   mrbgems/mruby-struct/src/struct.c -> build/host/mrbgems/mruby-struct/src/struct.pi
GEN   build/host/mrbgems/mruby-struct/gem_init.c 
      MRBC mrbgems/mruby-struct/mrblib/struct.rb 
CPP   build/host/mrbgems/mruby-struct/gem_init.c -> build/host/mrbgems/mruby-struct/gem_init.pi
CPP   mrbgems/mruby-data/src/data.c -> build/host/mrbgems/mruby-data/src/data.pi
GEN   build/host/mrbgems/mruby-data/gem_init.c 
CPP   build/host/mrbgems/mruby-data/gem_init.c -> build/host/mrbgems/mruby-data/gem_init.pi
CPP   mrbgems/mruby-random/src/random.c -> build/host/mrbgems/mruby-random/src/random.pi
GEN   build/host/mrbgems/mruby-random/gem_init.c 
CPP   build/host/mrbgems/mruby-random/gem_init.c -> build/host/mrbgems/mruby-random/gem_init.pi
CPP   mrbgems/mruby-io/src/file.c -> build/host/mrbgems/mruby-io/src/file.pi
CPP   mrbgems/mruby-io/src/file_test.c -> build/host/mrbgems/mruby-io/src/file_test.pi
CPP   mrbgems/mruby-io/src/io.c -> build/host/mrbgems/mruby-io/src/io.pi
CPP   mrbgems/mruby-io/src/mruby_io_gem.c -> build/host/mrbgems/mruby-io/src/mruby_io_gem.pi
GEN   build/host/mrbgems/mruby-io/gem_init.c 
      MRBC mrbgems/mruby-io/mrblib/file.rb 
           mrbgems/mruby-io/mrblib/file_constants.rb 
           mrbgems/mruby-io/mrblib/io.rb 
           mrbgems/mruby-io/mrblib/kernel.rb 
CPP   build/host/mrbgems/mruby-io/gem_init.c -> build/host/mrbgems/mruby-io/gem_init.pi
CPP   mrbgems/mruby-socket/src/socket.c -> build/host/mrbgems/mruby-socket/src/socket.pi
GEN   build/host/mrbgems/mruby-socket/gem_init.c 
      MRBC mrbgems/mruby-socket/mrblib/socket.rb 
CPP   build/host/mrbgems/mruby-socket/gem_init.c -> build/host/mrbgems/mruby-socket/gem_init.pi
CPP   mrbgems/mruby-errno/src/errno.c -> build/host/mrbgems/mruby-errno/src/errno.pi
GEN   build/host/mrbgems/mruby-errno/gem_init.c 
      MRBC mrbgems/mruby-errno/mrblib/errno.rb 
CPP   build/host/mrbgems/mruby-errno/gem_init.c -> build/host/mrbgems/mruby-errno/gem_init.pi
CPP   mrbgems/mruby-dir/src/dir.c -> build/host/mrbgems/mruby-dir/src/dir.pi
GEN   build/host/mrbgems/mruby-dir/gem_init.c 
      MRBC mrbgems/mruby-dir/mrblib/dir.rb 
CPP   build/host/mrbgems/mruby-dir/gem_init.c -> build/host/mrbgems/mruby-dir/gem_init.pi
CPP   mrbgems/mruby-math/src/math.c -> build/host/mrbgems/mruby-math/src/math.pi
GEN   build/host/mrbgems/mruby-math/gem_init.c 
CPP   build/host/mrbgems/mruby-math/gem_init.c -> build/host/mrbgems/mruby-math/gem_init.pi
CPP   mrbgems/mruby-rational/src/rational.c -> build/host/mrbgems/mruby-rational/src/rational.pi
GEN   build/host/mrbgems/mruby-rational/gem_init.c 
      MRBC mrbgems/mruby-rational/mrblib/rational.rb 
CPP   build/host/mrbgems/mruby-rational/gem_init.c -> build/host/mrbgems/mruby-rational/gem_init.pi
CPP   mrbgems/mruby-complex/src/complex.c -> build/host/mrbgems/mruby-complex/src/complex.pi
GEN   build/host/mrbgems/mruby-complex/gem_init.c 
      MRBC mrbgems/mruby-complex/mrblib/complex.rb 
CPP   build/host/mrbgems/mruby-complex/gem_init.c -> build/host/mrbgems/mruby-complex/gem_init.pi
CPP   mrbgems/mruby-cmath/src/cmath.c -> build/host/mrbgems/mruby-cmath/src/cmath.pi
GEN   build/host/mrbgems/mruby-cmath/gem_init.c 
CPP   build/host/mrbgems/mruby-cmath/gem_init.c -> build/host/mrbgems/mruby-cmath/gem_init.pi
CPP   mrbgems/mruby-metaprog/src/metaprog.c -> build/host/mrbgems/mruby-metaprog/src/metaprog.pi
GEN   build/host/mrbgems/mruby-metaprog/gem_init.c 
CPP   build/host/mrbgems/mruby-metaprog/gem_init.c -> build/host/mrbgems/mruby-metaprog/gem_init.pi
CPP   mrbgems/mruby-method/src/method.c -> build/host/mrbgems/mruby-method/src/method.pi
GEN   build/host/mrbgems/mruby-method/gem_init.c 
      MRBC mrbgems/mruby-method/mrblib/method.rb 
CPP   build/host/mrbgems/mruby-method/gem_init.c -> build/host/mrbgems/mruby-method/gem_init.pi
CPP   mrbgems/mruby-eval/src/eval.c -> build/host/mrbgems/mruby-eval/src/eval.pi
GEN   build/host/mrbgems/mruby-eval/gem_init.c 
CPP   build/host/mrbgems/mruby-eval/gem_init.c -> build/host/mrbgems/mruby-eval/gem_init.pi
CPP   mrbgems/mruby-error/src/exception.c -> build/host/mrbgems/mruby-error/src/exception.pi
GEN   build/host/mrbgems/mruby-error/gem_init.c 
CPP   build/host/mrbgems/mruby-error/gem_init.c -> build/host/mrbgems/mruby-error/gem_init.pi
CPP   mrbgems/mruby-binding/src/binding.c -> build/host/mrbgems/mruby-binding/src/binding.pi
GEN   build/host/mrbgems/mruby-binding/gem_init.c 
CPP   build/host/mrbgems/mruby-binding/gem_init.c -> build/host/mrbgems/mruby-binding/gem_init.pi
CPP   build/host/mrbgems/gem_init.c -> build/host/mrbgems/gem_init.pi
CPP   mrbgems/mruby-bin-mrbc/tools/mrbc/mrbc.c -> build/host/mrbgems/mruby-bin-mrbc/tools/mrbc/mrbc.pi
CPP   mrbgems/mruby-bin-mrbc/tools/mrbc/stub.c -> build/host/mrbgems/mruby-bin-mrbc/tools/mrbc/stub.pi
CPP   mrbgems/mruby-bin-debugger/tools/mrdb/apibreak.c -> build/host/mrbgems/mruby-bin-debugger/tools/mrdb/apibreak.pi
CPP   mrbgems/mruby-bin-debugger/tools/mrdb/apilist.c -> build/host/mrbgems/mruby-bin-debugger/tools/mrdb/apilist.pi
CPP   mrbgems/mruby-bin-debugger/tools/mrdb/apiprint.c -> build/host/mrbgems/mruby-bin-debugger/tools/mrdb/apiprint.pi
CPP   mrbgems/mruby-bin-debugger/tools/mrdb/apistring.c -> build/host/mrbgems/mruby-bin-debugger/tools/mrdb/apistring.pi
CPP   mrbgems/mruby-bin-debugger/tools/mrdb/cmdbreak.c -> build/host/mrbgems/mruby-bin-debugger/tools/mrdb/cmdbreak.pi
CPP   mrbgems/mruby-bin-debugger/tools/mrdb/cmdmisc.c -> build/host/mrbgems/mruby-bin-debugger/tools/mrdb/cmdmisc.pi
CPP   mrbgems/mruby-bin-debugger/tools/mrdb/cmdprint.c -> build/host/mrbgems/mruby-bin-debugger/tools/mrdb/cmdprint.pi
CPP   mrbgems/mruby-bin-debugger/tools/mrdb/cmdrun.c -> build/host/mrbgems/mruby-bin-debugger/tools/mrdb/cmdrun.pi
CPP   mrbgems/mruby-bin-debugger/tools/mrdb/mrdb.c -> build/host/mrbgems/mruby-bin-debugger/tools/mrdb/mrdb.pi
CPP   mrbgems/mruby-bin-mirb/tools/mirb/mirb.c -> build/host/mrbgems/mruby-bin-mirb/tools/mirb/mirb.pi
CPP   mrbgems/mruby-bin-mruby/tools/mruby/mruby.c -> build/host/mrbgems/mruby-bin-mruby/tools/mruby/mruby.pi
CPP   mrbgems/mruby-bin-strip/tools/mruby-strip/mruby-strip.c -> build/host/mrbgems/mruby-bin-strip/tools/mruby-strip/mruby-strip.pi
GEN   build/host/presym 
GEN   build/host/include/mruby/presym/id.h 
GEN   build/host/include/mruby/presym/table.h 
CC    src/allocf.c -> build/host/src/allocf.o
CC    src/array.c -> build/host/src/array.o
CC    src/backtrace.c -> build/host/src/backtrace.o
CC    src/cdump.c -> build/host/src/cdump.o
CC    src/class.c -> build/host/src/class.o
CC    src/codedump.c -> build/host/src/codedump.o
CC    src/debug.c -> build/host/src/debug.o
CC    src/dump.c -> build/host/src/dump.o
CC    src/enum.c -> build/host/src/enum.o
CC    src/error.c -> build/host/src/error.o
CC    src/etc.c -> build/host/src/etc.o
CC    src/fmt_fp.c -> build/host/src/fmt_fp.o
CC    src/gc.c -> build/host/src/gc.o
CC    src/hash.c -> build/host/src/hash.o
CC    src/init.c -> build/host/src/init.o
CC    src/kernel.c -> build/host/src/kernel.o
CC    src/load.c -> build/host/src/load.o
CC    src/mempool.c -> build/host/src/mempool.o
CC    src/numeric.c -> build/host/src/numeric.o
CC    src/numops.c -> build/host/src/numops.o
CC    src/object.c -> build/host/src/object.o
CC    src/print.c -> build/host/src/print.o
CC    src/proc.c -> build/host/src/proc.o
CC    src/range.c -> build/host/src/range.o
CC    src/readfloat.c -> build/host/src/readfloat.o
CC    src/readint.c -> build/host/src/readint.o
CC    src/readnum.c -> build/host/src/readnum.o
CC    src/state.c -> build/host/src/state.o
CC    src/string.c -> build/host/src/string.o
CC    src/symbol.c -> build/host/src/symbol.o
CC    src/variable.c -> build/host/src/variable.o
CC    src/version.c -> build/host/src/version.o
CC    src/vm.c -> build/host/src/vm.o
CC    mrbgems/mruby-bigint/core/bigint.c -> build/host/mrbgems/mruby-bigint/core/bigint.o
CC    mrbgems/mruby-compiler/core/codegen.c -> build/host/mrbgems/mruby-compiler/core/codegen.o
CC    mrbgems/mruby-compiler/core/y.tab.c -> build/host/mrbgems/mruby-compiler/core/y.tab.o
AR    build/host/lib/libmruby_core.a 
ar: creating /home/ubuntu/mruby/build/host/lib/libmruby_core.a
CC    build/host/mrblib/mrblib.c -> build/host/mrblib/mrblib.o
CC    build/host/mrbgems/mruby-compar-ext/gem_init.c -> build/host/mrbgems/mruby-compar-ext/gem_init.o
CC    build/host/mrbgems/mruby-enum-ext/gem_init.c -> build/host/mrbgems/mruby-enum-ext/gem_init.o
CC    mrbgems/mruby-string-ext/src/string.c -> build/host/mrbgems/mruby-string-ext/src/string.o
CC    build/host/mrbgems/mruby-string-ext/gem_init.c -> build/host/mrbgems/mruby-string-ext/gem_init.o
CC    mrbgems/mruby-numeric-ext/src/numeric_ext.c -> build/host/mrbgems/mruby-numeric-ext/src/numeric_ext.o
CC    build/host/mrbgems/mruby-numeric-ext/gem_init.c -> build/host/mrbgems/mruby-numeric-ext/gem_init.o
CC    mrbgems/mruby-array-ext/src/array.c -> build/host/mrbgems/mruby-array-ext/src/array.o
CC    build/host/mrbgems/mruby-array-ext/gem_init.c -> build/host/mrbgems/mruby-array-ext/gem_init.o
CC    mrbgems/mruby-hash-ext/src/hash-ext.c -> build/host/mrbgems/mruby-hash-ext/src/hash-ext.o
CC    build/host/mrbgems/mruby-hash-ext/gem_init.c -> build/host/mrbgems/mruby-hash-ext/gem_init.o
CC    mrbgems/mruby-range-ext/src/range.c -> build/host/mrbgems/mruby-range-ext/src/range.o
CC    build/host/mrbgems/mruby-range-ext/gem_init.c -> build/host/mrbgems/mruby-range-ext/gem_init.o
CC    mrbgems/mruby-proc-ext/src/proc.c -> build/host/mrbgems/mruby-proc-ext/src/proc.o
CC    build/host/mrbgems/mruby-proc-ext/gem_init.c -> build/host/mrbgems/mruby-proc-ext/gem_init.o
CC    mrbgems/mruby-symbol-ext/src/symbol.c -> build/host/mrbgems/mruby-symbol-ext/src/symbol.o
CC    build/host/mrbgems/mruby-symbol-ext/gem_init.c -> build/host/mrbgems/mruby-symbol-ext/gem_init.o
CC    mrbgems/mruby-object-ext/src/object.c -> build/host/mrbgems/mruby-object-ext/src/object.o
CC    build/host/mrbgems/mruby-object-ext/gem_init.c -> build/host/mrbgems/mruby-object-ext/gem_init.o
CC    mrbgems/mruby-objectspace/src/mruby_objectspace.c -> build/host/mrbgems/mruby-objectspace/src/mruby_objectspace.o
CC    build/host/mrbgems/mruby-objectspace/gem_init.c -> build/host/mrbgems/mruby-objectspace/gem_init.o
CC    build/host/mrbgems/mruby-set/gem_init.c -> build/host/mrbgems/mruby-set/gem_init.o
CC    mrbgems/mruby-fiber/src/fiber.c -> build/host/mrbgems/mruby-fiber/src/fiber.o
CC    build/host/mrbgems/mruby-fiber/gem_init.c -> build/host/mrbgems/mruby-fiber/gem_init.o
CC    build/host/mrbgems/mruby-enumerator/gem_init.c -> build/host/mrbgems/mruby-enumerator/gem_init.o
CC    build/host/mrbgems/mruby-enum-lazy/gem_init.c -> build/host/mrbgems/mruby-enum-lazy/gem_init.o
CC    build/host/mrbgems/mruby-toplevel-ext/gem_init.c -> build/host/mrbgems/mruby-toplevel-ext/gem_init.o
CC    mrbgems/mruby-kernel-ext/src/kernel.c -> build/host/mrbgems/mruby-kernel-ext/src/kernel.o
CC    build/host/mrbgems/mruby-kernel-ext/gem_init.c -> build/host/mrbgems/mruby-kernel-ext/gem_init.o
CC    mrbgems/mruby-class-ext/src/class.c -> build/host/mrbgems/mruby-class-ext/src/class.o
CC    build/host/mrbgems/mruby-class-ext/gem_init.c -> build/host/mrbgems/mruby-class-ext/gem_init.o
CC    mrbgems/mruby-pack/src/pack.c -> build/host/mrbgems/mruby-pack/src/pack.o
CC    build/host/mrbgems/mruby-pack/gem_init.c -> build/host/mrbgems/mruby-pack/gem_init.o
CC    mrbgems/mruby-sprintf/src/sprintf.c -> build/host/mrbgems/mruby-sprintf/src/sprintf.o
CC    build/host/mrbgems/mruby-sprintf/gem_init.c -> build/host/mrbgems/mruby-sprintf/gem_init.o
CC    mrbgems/mruby-time/src/time.c -> build/host/mrbgems/mruby-time/src/time.o
CC    build/host/mrbgems/mruby-time/gem_init.c -> build/host/mrbgems/mruby-time/gem_init.o
CC    mrbgems/mruby-struct/src/struct.c -> build/host/mrbgems/mruby-struct/src/struct.o
CC    build/host/mrbgems/mruby-struct/gem_init.c -> build/host/mrbgems/mruby-struct/gem_init.o
CC    mrbgems/mruby-data/src/data.c -> build/host/mrbgems/mruby-data/src/data.o
CC    build/host/mrbgems/mruby-data/gem_init.c -> build/host/mrbgems/mruby-data/gem_init.o
CC    mrbgems/mruby-random/src/random.c -> build/host/mrbgems/mruby-random/src/random.o
CC    build/host/mrbgems/mruby-random/gem_init.c -> build/host/mrbgems/mruby-random/gem_init.o
CC    mrbgems/mruby-io/src/file.c -> build/host/mrbgems/mruby-io/src/file.o
CC    mrbgems/mruby-io/src/file_test.c -> build/host/mrbgems/mruby-io/src/file_test.o
CC    mrbgems/mruby-io/src/io.c -> build/host/mrbgems/mruby-io/src/io.o
CC    mrbgems/mruby-io/src/mruby_io_gem.c -> build/host/mrbgems/mruby-io/src/mruby_io_gem.o
CC    build/host/mrbgems/mruby-io/gem_init.c -> build/host/mrbgems/mruby-io/gem_init.o
CC    mrbgems/mruby-socket/src/socket.c -> build/host/mrbgems/mruby-socket/src/socket.o
CC    build/host/mrbgems/mruby-socket/gem_init.c -> build/host/mrbgems/mruby-socket/gem_init.o
CC    mrbgems/mruby-errno/src/errno.c -> build/host/mrbgems/mruby-errno/src/errno.o
CC    build/host/mrbgems/mruby-errno/gem_init.c -> build/host/mrbgems/mruby-errno/gem_init.o
CC    mrbgems/mruby-dir/src/dir.c -> build/host/mrbgems/mruby-dir/src/dir.o
CC    build/host/mrbgems/mruby-dir/gem_init.c -> build/host/mrbgems/mruby-dir/gem_init.o
CC    mrbgems/mruby-math/src/math.c -> build/host/mrbgems/mruby-math/src/math.o
CC    build/host/mrbgems/mruby-math/gem_init.c -> build/host/mrbgems/mruby-math/gem_init.o
CC    mrbgems/mruby-rational/src/rational.c -> build/host/mrbgems/mruby-rational/src/rational.o
CC    build/host/mrbgems/mruby-rational/gem_init.c -> build/host/mrbgems/mruby-rational/gem_init.o
CC    mrbgems/mruby-complex/src/complex.c -> build/host/mrbgems/mruby-complex/src/complex.o
CC    build/host/mrbgems/mruby-complex/gem_init.c -> build/host/mrbgems/mruby-complex/gem_init.o
CC    mrbgems/mruby-cmath/src/cmath.c -> build/host/mrbgems/mruby-cmath/src/cmath.o
CC    build/host/mrbgems/mruby-cmath/gem_init.c -> build/host/mrbgems/mruby-cmath/gem_init.o
CC    mrbgems/mruby-metaprog/src/metaprog.c -> build/host/mrbgems/mruby-metaprog/src/metaprog.o
CC    build/host/mrbgems/mruby-metaprog/gem_init.c -> build/host/mrbgems/mruby-metaprog/gem_init.o
CC    mrbgems/mruby-method/src/method.c -> build/host/mrbgems/mruby-method/src/method.o
CC    build/host/mrbgems/mruby-method/gem_init.c -> build/host/mrbgems/mruby-method/gem_init.o
CC    mrbgems/mruby-eval/src/eval.c -> build/host/mrbgems/mruby-eval/src/eval.o
CC    build/host/mrbgems/mruby-eval/gem_init.c -> build/host/mrbgems/mruby-eval/gem_init.o
CC    mrbgems/mruby-error/src/exception.c -> build/host/mrbgems/mruby-error/src/exception.o
CC    build/host/mrbgems/mruby-error/gem_init.c -> build/host/mrbgems/mruby-error/gem_init.o
CC    mrbgems/mruby-binding/src/binding.c -> build/host/mrbgems/mruby-binding/src/binding.o
CC    build/host/mrbgems/mruby-binding/gem_init.c -> build/host/mrbgems/mruby-binding/gem_init.o
CC    build/host/mrbgems/gem_init.c -> build/host/mrbgems/gem_init.o
AR    build/host/lib/libmruby.a 
ar: creating /home/ubuntu/mruby/build/host/lib/libmruby.a
CC    mrbgems/mruby-bin-mrbc/tools/mrbc/mrbc.c -> build/host/mrbgems/mruby-bin-mrbc/tools/mrbc/mrbc.o
CC    mrbgems/mruby-bin-mrbc/tools/mrbc/stub.c -> build/host/mrbgems/mruby-bin-mrbc/tools/mrbc/stub.o
LD    build/host/bin/mrbc 
GEN   build/host/bin/mrbc -> bin/mrbc
GEN   build/host/bin/mruby-config -> bin/mruby-config
CC    mrbgems/mruby-bin-debugger/tools/mrdb/apibreak.c -> build/host/mrbgems/mruby-bin-debugger/tools/mrdb/apibreak.o
CC    mrbgems/mruby-bin-debugger/tools/mrdb/apilist.c -> build/host/mrbgems/mruby-bin-debugger/tools/mrdb/apilist.o
CC    mrbgems/mruby-bin-debugger/tools/mrdb/apiprint.c -> build/host/mrbgems/mruby-bin-debugger/tools/mrdb/apiprint.o
CC    mrbgems/mruby-bin-debugger/tools/mrdb/apistring.c -> build/host/mrbgems/mruby-bin-debugger/tools/mrdb/apistring.o
CC    mrbgems/mruby-bin-debugger/tools/mrdb/cmdbreak.c -> build/host/mrbgems/mruby-bin-debugger/tools/mrdb/cmdbreak.o
CC    mrbgems/mruby-bin-debugger/tools/mrdb/cmdmisc.c -> build/host/mrbgems/mruby-bin-debugger/tools/mrdb/cmdmisc.o
CC    mrbgems/mruby-bin-debugger/tools/mrdb/cmdprint.c -> build/host/mrbgems/mruby-bin-debugger/tools/mrdb/cmdprint.o
CC    mrbgems/mruby-bin-debugger/tools/mrdb/cmdrun.c -> build/host/mrbgems/mruby-bin-debugger/tools/mrdb/cmdrun.o
CC    mrbgems/mruby-bin-debugger/tools/mrdb/mrdb.c -> build/host/mrbgems/mruby-bin-debugger/tools/mrdb/mrdb.o
LD    build/host/bin/mrdb 
GEN   build/host/bin/mrdb -> bin/mrdb
CC    mrbgems/mruby-bin-mirb/tools/mirb/mirb.c -> build/host/mrbgems/mruby-bin-mirb/tools/mirb/mirb.o
LD    build/host/bin/mirb 
GEN   build/host/bin/mirb -> bin/mirb
CC    mrbgems/mruby-bin-mruby/tools/mruby/mruby.c -> build/host/mrbgems/mruby-bin-mruby/tools/mruby/mruby.o
LD    build/host/bin/mruby 
GEN   build/host/bin/mruby -> bin/mruby
CC    mrbgems/mruby-bin-strip/tools/mruby-strip/mruby-strip.c -> build/host/mrbgems/mruby-bin-strip/tools/mruby-strip/mruby-strip.o
LD    build/host/bin/mruby-strip 
GEN   build/host/bin/mruby-strip -> bin/mruby-strip

Build summary:

================================================
      Config Name: host
 Output Directory: build/host
         Binaries: mrbc, mruby-config
    Included Gems:
             mruby-array-ext - Array class extension
             mruby-bigint - Integer class extension to multiple-precision
             mruby-bin-config - mruby-config command
             mruby-bin-debugger - mruby debugger command
               - Binaries: mrdb
             mruby-bin-mirb - mirb command
               - Binaries: mirb
             mruby-bin-mrbc - mruby compiler executable
             mruby-bin-mruby - mruby command
               - Binaries: mruby
             mruby-bin-strip - irep dump debug section remover command
               - Binaries: mruby-strip
             mruby-binding - Binding class (core features only)
             mruby-class-ext - class/module extension
             mruby-cmath - standard Math module with complex
             mruby-compar-ext - Comparable module extension
             mruby-compiler - mruby compiler library
             mruby-complex - Complex class
             mruby-data - standard Data class
             mruby-dir
             mruby-enum-ext - Enumerable module extension
             mruby-enum-lazy - Enumerator::Lazy class
             mruby-enumerator - Enumerator class
             mruby-errno - Errno module and SystemCallError class
             mruby-error - extensional error handling
             mruby-eval - standard Kernel#eval method
             mruby-fiber - Fiber class
             mruby-hash-ext - Hash class extension
             mruby-io - IO and File class
             mruby-kernel-ext - extensional function-like methods
             mruby-math - standard Math module
             mruby-metaprog - Meta-programming features for mruby
             mruby-method - Method and UnboundMethod class
             mruby-numeric-ext - Numeric class extension
             mruby-object-ext - extensional methods shared by all objects
             mruby-objectspace - ObjectSpace class
             mruby-pack - Array#pack and String#unpack method
             mruby-proc-ext - Proc class extension
             mruby-random - Random class
             mruby-range-ext - Range class extension
             mruby-rational - Rational class
             mruby-set
             mruby-socket - standard socket class
             mruby-sprintf - standard Kernel#sprintf method
             mruby-string-ext - String class extension
             mruby-struct - standard Struct class
             mruby-symbol-ext - Symbol class extension
             mruby-time - standard Time class
             mruby-toplevel-ext - toplevel object (main) methods extension
================================================

================================================
      Config Name: host/mrbc
 Output Directory: build/host/mrbc
         Binaries: mrbc
    Included Gems:
             mruby-bin-mrbc - mruby compiler executable
             mruby-compiler - mruby compiler library
================================================

